#
# A fatal error has been detected by the Java Runtime Environment:
#
#  Internal Error (classfile/classLoader.hpp:129), pid=37692, tid=32096
#  Error: ShouldNotReachHere()
#
# JRE version: Java(TM) SE Runtime Environment (17.0.4.1+1) (build 17.0.4.1+1-LTS-2)
# Java VM: Java HotSpot(TM) 64-Bit Server VM (17.0.4.1+1-LTS-2, mixed mode, sharing, tiered, compressed oops, compressed class ptrs, g1 gc, windows-amd64)
# No core dump will be written. Minidumps are not enabled by default on client versions of Windows
#
# If you would like to submit a bug report, please visit:
#   https://bugreport.java.com/bugreport/crash.jsp
#

---------------  S U M M A R Y ------------

Command Line: -ea -Didea.test.cyclic.buffer.size=1048576 -javaagent:D:\Develop_Software\ideaNew\lib\idea_rt.jar=59502:D:\Develop_Software\ideaNew\bin -javaagent:D:\Develop_Software\ideaNew\plugins\java\lib\rt\debugger-agent.jar -Dkotlinx.coroutines.debug.enable.creation.stack.trace=false -Ddebugger.agent.enable.coroutines=true -Dkotlinx.coroutines.debug.enable.flows.stack.trace=true -Dkotlinx.coroutines.debug.enable.mutable.state.flows.stack.trace=true -Dfile.encoding=UTF-8 com.intellij.rt.junit.JUnitStarter -ideVersion5 -junit5 com.fdm.PmsBackEndApplicationTests,testFindByUsername

Host: 12th Gen Intel(R) Core(TM) i7-12700H, 20 cores, 15G,  Windows 11 , 64 bit Build 26100 (10.0.26100.3037)
Time: Wed Feb 19 23:15:29 2025  Windows 11 , 64 bit Build 26100 (10.0.26100.3037) elapsed time: 0.092654 seconds (0d 0h 0m 0s)

---------------  T H R E A D  ---------------

Current thread (0x000001f8d5e780f0):  JavaThread "Attach Listener" daemon [_thread_in_vm, id=32096, stack(0x000000c1af900000,0x000000c1afa00000)]

Stack: [0x000000c1af900000,0x000000c1afa00000]
Native frames: (J=compiled Java code, j=interpreted, Vv=VM code, C=native code)
V  [jvm.dll+0x6723ba]
V  [jvm.dll+0x7d1e34]
V  [jvm.dll+0x7d35de]
V  [jvm.dll+0x7d3bf7]
V  [jvm.dll+0x242fcc]
V  [jvm.dll+0x242f13]
V  [jvm.dll+0x1ed67a]
V  [jvm.dll+0x2bee20]
V  [jvm.dll+0x2c000c]
V  [jvm.dll+0x5387bd]
V  [jvm.dll+0x74c0c6]
V  [jvm.dll+0x74bd34]
V  [jvm.dll+0x74d152]
V  [jvm.dll+0x74d488]
V  [jvm.dll+0x23b4de]
V  [jvm.dll+0x23b72f]
V  [jvm.dll+0x556a38]
V  [jvm.dll+0x5598e7]
V  [jvm.dll+0x37fbf7]
V  [jvm.dll+0x37f24f]
C  0x000001f8b9d0a60c

Java frames: (J=compiled Java code, j=interpreted, Vv=VM code)
j  java.util.TimeZone.getTimeZone(Ljava/lang/String;Z)Ljava/util/TimeZone;+1 java.base@17.0.4.1
j  java.util.TimeZone.setDefaultZone()Ljava/util/TimeZone;+48 java.base@17.0.4.1
j  java.util.TimeZone.getDefaultRef()Ljava/util/TimeZone;+8 java.base@17.0.4.1
j  java.util.Date.normalize()Lsun/util/calendar/BaseCalendar$Date;+21 java.base@17.0.4.1
j  java.util.Date.toString()Ljava/lang/String;+1 java.base@17.0.4.1
j  java.util.Properties.store0(Ljava/io/BufferedWriter;Ljava/lang/String;Z)V+29 java.base@17.0.4.1
j  java.util.Properties.store(Ljava/io/OutputStream;Ljava/lang/String;)V+21 java.base@17.0.4.1
j  jdk.internal.vm.VMSupport.serializePropertiesToByteArray(Ljava/util/Properties;)[B+77 java.base@17.0.4.1
j  jdk.internal.vm.VMSupport.serializeAgentPropertiesToByteArray()[B+3 java.base@17.0.4.1
v  ~StubRoutines::call_stub

---------------  P R O C E S S  ---------------

Threads class SMR info:
_java_thread_list=0x000001f8d69a8d90, length=15, elements={
0x000001f8b2408750, 0x000001f8d5e60610, 0x000001f8d5e620e0, 0x000001f8d5e77830,
0x000001f8d5e780f0, 0x000001f8d5e789b0, 0x000001f8d5e7d290, 0x000001f8d5e82290,
0x000001f8d5e93c60, 0x000001f8d67ba370, 0x000001f8d68648b0, 0x000001f8d68de9b0,
0x000001f8d68e34b0, 0x000001f8d68ef1f0, 0x000001f8d6a0dc80
}

Java Threads: ( => current thread )
  0x000001f8b2408750 JavaThread "main" [_thread_blocked, id=22904, stack(0x000000c1aef00000,0x000000c1af000000)]
  0x000001f8d5e60610 JavaThread "Reference Handler" daemon [_thread_blocked, id=10428, stack(0x000000c1af600000,0x000000c1af700000)]
  0x000001f8d5e620e0 JavaThread "Finalizer" daemon [_thread_blocked, id=11048, stack(0x000000c1af700000,0x000000c1af800000)]
  0x000001f8d5e77830 JavaThread "Signal Dispatcher" daemon [_thread_blocked, id=39208, stack(0x000000c1af800000,0x000000c1af900000)]
=>0x000001f8d5e780f0 JavaThread "Attach Listener" daemon [_thread_in_vm, id=32096, stack(0x000000c1af900000,0x000000c1afa00000)]
  0x000001f8d5e789b0 JavaThread "Service Thread" daemon [_thread_blocked, id=6372, stack(0x000000c1afa00000,0x000000c1afb00000)]
  0x000001f8d5e7d290 JavaThread "Monitor Deflation Thread" daemon [_thread_blocked, id=15836, stack(0x000000c1afb00000,0x000000c1afc00000)]
  0x000001f8d5e82290 JavaThread "C2 CompilerThread0" daemon [_thread_blocked, id=30488, stack(0x000000c1afc00000,0x000000c1afd00000)]
  0x000001f8d5e93c60 JavaThread "C1 CompilerThread0" daemon [_thread_blocked, id=30568, stack(0x000000c1afd00000,0x000000c1afe00000)]
  0x000001f8d67ba370 JavaThread "Sweeper thread" daemon [_thread_blocked, id=16104, stack(0x000000c1afe00000,0x000000c1aff00000)]
  0x000001f8d68648b0 JavaThread "C1 CompilerThread1" daemon [_thread_blocked, id=36984, stack(0x000000c1aff00000,0x000000c1b0000000)]
  0x000001f8d68de9b0 JavaThread "Common-Cleaner" daemon [_thread_blocked, id=34324, stack(0x000000c1b0000000,0x000000c1b0100000)]
  0x000001f8d68e34b0 JavaThread "C1 CompilerThread2" daemon [_thread_blocked, id=18796, stack(0x000000c1b0100000,0x000000c1b0200000)]
  0x000001f8d68ef1f0 JavaThread "C2 CompilerThread1" daemon [_thread_blocked, id=10020, stack(0x000000c1b0200000,0x000000c1b0300000)]
  0x000001f8d6a0dc80 JavaThread "Monitor Ctrl-Break" daemon [_thread_in_native, id=11424, stack(0x000000c1b0300000,0x000000c1b0400000)]

Other Threads:
  0x000001f8d5e58ba0 VMThread "VM Thread" [stack: 0x000000c1af500000,0x000000c1af600000] [id=2732] _threads_hazard_ptr=0x000001f8d69a8d90
  0x000001f8b246fa50 GCTaskThread "GC Thread#0" [stack: 0x000000c1af000000,0x000000c1af100000] [id=15228]
  0x000001f8b2483440 ConcurrentGCThread "G1 Main Marker" [stack: 0x000000c1af100000,0x000000c1af200000] [id=26972]
  0x000001f8b2485780 ConcurrentGCThread "G1 Conc#0" [stack: 0x000000c1af200000,0x000000c1af300000] [id=16636]
  0x000001f8d5d981e0 ConcurrentGCThread "G1 Refine#0" [stack: 0x000000c1af300000,0x000000c1af400000] [id=24704]
  0x000001f8d5d988b0 ConcurrentGCThread "G1 Service" [stack: 0x000000c1af400000,0x000000c1af500000] [id=25316]

Threads with active compile tasks:
C1 CompilerThread0      107  244       3       org.jetbrains.capture.org.objectweb.asm.Frame::execute (2318 bytes)

VM state: synchronizing (normal execution)

VM Mutex/Monitor currently owned by a thread:  ([mutex/lock_event])
[0x000001f8b23f6c10] Threads_lock - owner thread: 0x000001f8d5e58ba0
[0x000001f8b2404db0] CDSClassFileStream_lock - owner thread: 0x000001f8d5e780f0

Heap address: 0x0000000704e00000, size: 4018 MB, Compressed Oops mode: Zero based, Oop shift amount: 3

CDS archive(s) mapped at: [0x0000000800000000-0x0000000800bc0000-0x0000000800bc0000), size 12320768, SharedBaseAddress: 0x0000000800000000, ArchiveRelocationMode: 0.
Compressed class space mapped at: 0x0000000800c00000-0x0000000840c00000, reserved size: 1073741824
Narrow klass base: 0x0000000800000000, Narrow klass shift: 0, Narrow klass range: 0x100000000

GC Precious Log:
 CPUs: 20 total, 20 available
 Memory: 16068M
 Large Page Support: Disabled
 NUMA Support: Disabled
 Compressed Oops: Enabled (Zero based)
 Heap Region Size: 2M
 Heap Min Capacity: 8M
 Heap Initial Capacity: 252M
 Heap Max Capacity: 4018M
 Pre-touch: Disabled
 Parallel Workers: 15
 Concurrent Workers: 4
 Concurrent Refinement Workers: 15
 Periodic GC: Disabled

Heap:
 garbage-first heap   total 258048K, used 4096K [0x0000000704e00000, 0x0000000800000000)
  region size 2048K, 3 young (6144K), 0 survivors (0K)
 Metaspace       used 1317K, committed 1472K, reserved 1056768K
  class space    used 102K, committed 192K, reserved 1048576K

Heap Regions: E=young(eden), S=young(survivor), O=old, HS=humongous(starts), HC=humongous(continues), CS=collection set, F=free, OA=open archive, CA=closed archive, TAMS=top-at-mark-start (previous, next)
|   0|0x0000000704e00000, 0x0000000704e00000, 0x0000000705000000|  0%| F|  |TAMS 0x0000000704e00000, 0x0000000704e00000| Untracked 
|   1|0x0000000705000000, 0x0000000705000000, 0x0000000705200000|  0%| F|  |TAMS 0x0000000705000000, 0x0000000705000000| Untracked 
|   2|0x0000000705200000, 0x0000000705200000, 0x0000000705400000|  0%| F|  |TAMS 0x0000000705200000, 0x0000000705200000| Untracked 
|   3|0x0000000705400000, 0x0000000705400000, 0x0000000705600000|  0%| F|  |TAMS 0x0000000705400000, 0x0000000705400000| Untracked 
|   4|0x0000000705600000, 0x0000000705600000, 0x0000000705800000|  0%| F|  |TAMS 0x0000000705600000, 0x0000000705600000| Untracked 
|   5|0x0000000705800000, 0x0000000705800000, 0x0000000705a00000|  0%| F|  |TAMS 0x0000000705800000, 0x0000000705800000| Untracked 
|   6|0x0000000705a00000, 0x0000000705a00000, 0x0000000705c00000|  0%| F|  |TAMS 0x0000000705a00000, 0x0000000705a00000| Untracked 
|   7|0x0000000705c00000, 0x0000000705c00000, 0x0000000705e00000|  0%| F|  |TAMS 0x0000000705c00000, 0x0000000705c00000| Untracked 
|   8|0x0000000705e00000, 0x0000000705e00000, 0x0000000706000000|  0%| F|  |TAMS 0x0000000705e00000, 0x0000000705e00000| Untracked 
|   9|0x0000000706000000, 0x0000000706000000, 0x0000000706200000|  0%| F|  |TAMS 0x0000000706000000, 0x0000000706000000| Untracked 
|  10|0x0000000706200000, 0x0000000706200000, 0x0000000706400000|  0%| F|  |TAMS 0x0000000706200000, 0x0000000706200000| Untracked 
|  11|0x0000000706400000, 0x0000000706400000, 0x0000000706600000|  0%| F|  |TAMS 0x0000000706400000, 0x0000000706400000| Untracked 
|  12|0x0000000706600000, 0x0000000706600000, 0x0000000706800000|  0%| F|  |TAMS 0x0000000706600000, 0x0000000706600000| Untracked 
|  13|0x0000000706800000, 0x0000000706800000, 0x0000000706a00000|  0%| F|  |TAMS 0x0000000706800000, 0x0000000706800000| Untracked 
|  14|0x0000000706a00000, 0x0000000706a00000, 0x0000000706c00000|  0%| F|  |TAMS 0x0000000706a00000, 0x0000000706a00000| Untracked 
|  15|0x0000000706c00000, 0x0000000706c00000, 0x0000000706e00000|  0%| F|  |TAMS 0x0000000706c00000, 0x0000000706c00000| Untracked 
|  16|0x0000000706e00000, 0x0000000706e00000, 0x0000000707000000|  0%| F|  |TAMS 0x0000000706e00000, 0x0000000706e00000| Untracked 
|  17|0x0000000707000000, 0x0000000707000000, 0x0000000707200000|  0%| F|  |TAMS 0x0000000707000000, 0x0000000707000000| Untracked 
|  18|0x0000000707200000, 0x0000000707200000, 0x0000000707400000|  0%| F|  |TAMS 0x0000000707200000, 0x0000000707200000| Untracked 
|  19|0x0000000707400000, 0x0000000707400000, 0x0000000707600000|  0%| F|  |TAMS 0x0000000707400000, 0x0000000707400000| Untracked 
|  20|0x0000000707600000, 0x0000000707600000, 0x0000000707800000|  0%| F|  |TAMS 0x0000000707600000, 0x0000000707600000| Untracked 
|  21|0x0000000707800000, 0x0000000707800000, 0x0000000707a00000|  0%| F|  |TAMS 0x0000000707800000, 0x0000000707800000| Untracked 
|  22|0x0000000707a00000, 0x0000000707a00000, 0x0000000707c00000|  0%| F|  |TAMS 0x0000000707a00000, 0x0000000707a00000| Untracked 
|  23|0x0000000707c00000, 0x0000000707c00000, 0x0000000707e00000|  0%| F|  |TAMS 0x0000000707c00000, 0x0000000707c00000| Untracked 
|  24|0x0000000707e00000, 0x0000000707e00000, 0x0000000708000000|  0%| F|  |TAMS 0x0000000707e00000, 0x0000000707e00000| Untracked 
|  25|0x0000000708000000, 0x0000000708000000, 0x0000000708200000|  0%| F|  |TAMS 0x0000000708000000, 0x0000000708000000| Untracked 
|  26|0x0000000708200000, 0x0000000708200000, 0x0000000708400000|  0%| F|  |TAMS 0x0000000708200000, 0x0000000708200000| Untracked 
|  27|0x0000000708400000, 0x0000000708400000, 0x0000000708600000|  0%| F|  |TAMS 0x0000000708400000, 0x0000000708400000| Untracked 
|  28|0x0000000708600000, 0x0000000708600000, 0x0000000708800000|  0%| F|  |TAMS 0x0000000708600000, 0x0000000708600000| Untracked 
|  29|0x0000000708800000, 0x0000000708800000, 0x0000000708a00000|  0%| F|  |TAMS 0x0000000708800000, 0x0000000708800000| Untracked 
|  30|0x0000000708a00000, 0x0000000708a00000, 0x0000000708c00000|  0%| F|  |TAMS 0x0000000708a00000, 0x0000000708a00000| Untracked 
|  31|0x0000000708c00000, 0x0000000708c00000, 0x0000000708e00000|  0%| F|  |TAMS 0x0000000708c00000, 0x0000000708c00000| Untracked 
|  32|0x0000000708e00000, 0x0000000708e00000, 0x0000000709000000|  0%| F|  |TAMS 0x0000000708e00000, 0x0000000708e00000| Untracked 
|  33|0x0000000709000000, 0x0000000709000000, 0x0000000709200000|  0%| F|  |TAMS 0x0000000709000000, 0x0000000709000000| Untracked 
|  34|0x0000000709200000, 0x0000000709200000, 0x0000000709400000|  0%| F|  |TAMS 0x0000000709200000, 0x0000000709200000| Untracked 
|  35|0x0000000709400000, 0x0000000709400000, 0x0000000709600000|  0%| F|  |TAMS 0x0000000709400000, 0x0000000709400000| Untracked 
|  36|0x0000000709600000, 0x0000000709600000, 0x0000000709800000|  0%| F|  |TAMS 0x0000000709600000, 0x0000000709600000| Untracked 
|  37|0x0000000709800000, 0x0000000709800000, 0x0000000709a00000|  0%| F|  |TAMS 0x0000000709800000, 0x0000000709800000| Untracked 
|  38|0x0000000709a00000, 0x0000000709a00000, 0x0000000709c00000|  0%| F|  |TAMS 0x0000000709a00000, 0x0000000709a00000| Untracked 
|  39|0x0000000709c00000, 0x0000000709c00000, 0x0000000709e00000|  0%| F|  |TAMS 0x0000000709c00000, 0x0000000709c00000| Untracked 
|  40|0x0000000709e00000, 0x0000000709e00000, 0x000000070a000000|  0%| F|  |TAMS 0x0000000709e00000, 0x0000000709e00000| Untracked 
|  41|0x000000070a000000, 0x000000070a000000, 0x000000070a200000|  0%| F|  |TAMS 0x000000070a000000, 0x000000070a000000| Untracked 
|  42|0x000000070a200000, 0x000000070a200000, 0x000000070a400000|  0%| F|  |TAMS 0x000000070a200000, 0x000000070a200000| Untracked 
|  43|0x000000070a400000, 0x000000070a400000, 0x000000070a600000|  0%| F|  |TAMS 0x000000070a400000, 0x000000070a400000| Untracked 
|  44|0x000000070a600000, 0x000000070a600000, 0x000000070a800000|  0%| F|  |TAMS 0x000000070a600000, 0x000000070a600000| Untracked 
|  45|0x000000070a800000, 0x000000070a800000, 0x000000070aa00000|  0%| F|  |TAMS 0x000000070a800000, 0x000000070a800000| Untracked 
|  46|0x000000070aa00000, 0x000000070aa00000, 0x000000070ac00000|  0%| F|  |TAMS 0x000000070aa00000, 0x000000070aa00000| Untracked 
|  47|0x000000070ac00000, 0x000000070ac00000, 0x000000070ae00000|  0%| F|  |TAMS 0x000000070ac00000, 0x000000070ac00000| Untracked 
|  48|0x000000070ae00000, 0x000000070ae00000, 0x000000070b000000|  0%| F|  |TAMS 0x000000070ae00000, 0x000000070ae00000| Untracked 
|  49|0x000000070b000000, 0x000000070b000000, 0x000000070b200000|  0%| F|  |TAMS 0x000000070b000000, 0x000000070b000000| Untracked 
|  50|0x000000070b200000, 0x000000070b200000, 0x000000070b400000|  0%| F|  |TAMS 0x000000070b200000, 0x000000070b200000| Untracked 
|  51|0x000000070b400000, 0x000000070b400000, 0x000000070b600000|  0%| F|  |TAMS 0x000000070b400000, 0x000000070b400000| Untracked 
|  52|0x000000070b600000, 0x000000070b600000, 0x000000070b800000|  0%| F|  |TAMS 0x000000070b600000, 0x000000070b600000| Untracked 
|  53|0x000000070b800000, 0x000000070b800000, 0x000000070ba00000|  0%| F|  |TAMS 0x000000070b800000, 0x000000070b800000| Untracked 
|  54|0x000000070ba00000, 0x000000070ba00000, 0x000000070bc00000|  0%| F|  |TAMS 0x000000070ba00000, 0x000000070ba00000| Untracked 
|  55|0x000000070bc00000, 0x000000070bc00000, 0x000000070be00000|  0%| F|  |TAMS 0x000000070bc00000, 0x000000070bc00000| Untracked 
|  56|0x000000070be00000, 0x000000070be00000, 0x000000070c000000|  0%| F|  |TAMS 0x000000070be00000, 0x000000070be00000| Untracked 
|  57|0x000000070c000000, 0x000000070c000000, 0x000000070c200000|  0%| F|  |TAMS 0x000000070c000000, 0x000000070c000000| Untracked 
|  58|0x000000070c200000, 0x000000070c200000, 0x000000070c400000|  0%| F|  |TAMS 0x000000070c200000, 0x000000070c200000| Untracked 
|  59|0x000000070c400000, 0x000000070c400000, 0x000000070c600000|  0%| F|  |TAMS 0x000000070c400000, 0x000000070c400000| Untracked 
|  60|0x000000070c600000, 0x000000070c600000, 0x000000070c800000|  0%| F|  |TAMS 0x000000070c600000, 0x000000070c600000| Untracked 
|  61|0x000000070c800000, 0x000000070c800000, 0x000000070ca00000|  0%| F|  |TAMS 0x000000070c800000, 0x000000070c800000| Untracked 
|  62|0x000000070ca00000, 0x000000070ca00000, 0x000000070cc00000|  0%| F|  |TAMS 0x000000070ca00000, 0x000000070ca00000| Untracked 
|  63|0x000000070cc00000, 0x000000070cc00000, 0x000000070ce00000|  0%| F|  |TAMS 0x000000070cc00000, 0x000000070cc00000| Untracked 
|  64|0x000000070ce00000, 0x000000070ce00000, 0x000000070d000000|  0%| F|  |TAMS 0x000000070ce00000, 0x000000070ce00000| Untracked 
|  65|0x000000070d000000, 0x000000070d000000, 0x000000070d200000|  0%| F|  |TAMS 0x000000070d000000, 0x000000070d000000| Untracked 
|  66|0x000000070d200000, 0x000000070d200000, 0x000000070d400000|  0%| F|  |TAMS 0x000000070d200000, 0x000000070d200000| Untracked 
|  67|0x000000070d400000, 0x000000070d400000, 0x000000070d600000|  0%| F|  |TAMS 0x000000070d400000, 0x000000070d400000| Untracked 
|  68|0x000000070d600000, 0x000000070d600000, 0x000000070d800000|  0%| F|  |TAMS 0x000000070d600000, 0x000000070d600000| Untracked 
|  69|0x000000070d800000, 0x000000070d800000, 0x000000070da00000|  0%| F|  |TAMS 0x000000070d800000, 0x000000070d800000| Untracked 
|  70|0x000000070da00000, 0x000000070da00000, 0x000000070dc00000|  0%| F|  |TAMS 0x000000070da00000, 0x000000070da00000| Untracked 
|  71|0x000000070dc00000, 0x000000070dc00000, 0x000000070de00000|  0%| F|  |TAMS 0x000000070dc00000, 0x000000070dc00000| Untracked 
|  72|0x000000070de00000, 0x000000070de00000, 0x000000070e000000|  0%| F|  |TAMS 0x000000070de00000, 0x000000070de00000| Untracked 
|  73|0x000000070e000000, 0x000000070e000000, 0x000000070e200000|  0%| F|  |TAMS 0x000000070e000000, 0x000000070e000000| Untracked 
|  74|0x000000070e200000, 0x000000070e200000, 0x000000070e400000|  0%| F|  |TAMS 0x000000070e200000, 0x000000070e200000| Untracked 
|  75|0x000000070e400000, 0x000000070e400000, 0x000000070e600000|  0%| F|  |TAMS 0x000000070e400000, 0x000000070e400000| Untracked 
|  76|0x000000070e600000, 0x000000070e600000, 0x000000070e800000|  0%| F|  |TAMS 0x000000070e600000, 0x000000070e600000| Untracked 
|  77|0x000000070e800000, 0x000000070e800000, 0x000000070ea00000|  0%| F|  |TAMS 0x000000070e800000, 0x000000070e800000| Untracked 
|  78|0x000000070ea00000, 0x000000070ea00000, 0x000000070ec00000|  0%| F|  |TAMS 0x000000070ea00000, 0x000000070ea00000| Untracked 
|  79|0x000000070ec00000, 0x000000070ec00000, 0x000000070ee00000|  0%| F|  |TAMS 0x000000070ec00000, 0x000000070ec00000| Untracked 
|  80|0x000000070ee00000, 0x000000070ee00000, 0x000000070f000000|  0%| F|  |TAMS 0x000000070ee00000, 0x000000070ee00000| Untracked 
|  81|0x000000070f000000, 0x000000070f000000, 0x000000070f200000|  0%| F|  |TAMS 0x000000070f000000, 0x000000070f000000| Untracked 
|  82|0x000000070f200000, 0x000000070f200000, 0x000000070f400000|  0%| F|  |TAMS 0x000000070f200000, 0x000000070f200000| Untracked 
|  83|0x000000070f400000, 0x000000070f400000, 0x000000070f600000|  0%| F|  |TAMS 0x000000070f400000, 0x000000070f400000| Untracked 
|  84|0x000000070f600000, 0x000000070f600000, 0x000000070f800000|  0%| F|  |TAMS 0x000000070f600000, 0x000000070f600000| Untracked 
|  85|0x000000070f800000, 0x000000070f800000, 0x000000070fa00000|  0%| F|  |TAMS 0x000000070f800000, 0x000000070f800000| Untracked 
|  86|0x000000070fa00000, 0x000000070fa00000, 0x000000070fc00000|  0%| F|  |TAMS 0x000000070fa00000, 0x000000070fa00000| Untracked 
|  87|0x000000070fc00000, 0x000000070fc00000, 0x000000070fe00000|  0%| F|  |TAMS 0x000000070fc00000, 0x000000070fc00000| Untracked 
|  88|0x000000070fe00000, 0x000000070fe00000, 0x0000000710000000|  0%| F|  |TAMS 0x000000070fe00000, 0x000000070fe00000| Untracked 
|  89|0x0000000710000000, 0x0000000710000000, 0x0000000710200000|  0%| F|  |TAMS 0x0000000710000000, 0x0000000710000000| Untracked 
|  90|0x0000000710200000, 0x0000000710200000, 0x0000000710400000|  0%| F|  |TAMS 0x0000000710200000, 0x0000000710200000| Untracked 
|  91|0x0000000710400000, 0x0000000710400000, 0x0000000710600000|  0%| F|  |TAMS 0x0000000710400000, 0x0000000710400000| Untracked 
|  92|0x0000000710600000, 0x0000000710600000, 0x0000000710800000|  0%| F|  |TAMS 0x0000000710600000, 0x0000000710600000| Untracked 
|  93|0x0000000710800000, 0x0000000710800000, 0x0000000710a00000|  0%| F|  |TAMS 0x0000000710800000, 0x0000000710800000| Untracked 
|  94|0x0000000710a00000, 0x0000000710a00000, 0x0000000710c00000|  0%| F|  |TAMS 0x0000000710a00000, 0x0000000710a00000| Untracked 
|  95|0x0000000710c00000, 0x0000000710c00000, 0x0000000710e00000|  0%| F|  |TAMS 0x0000000710c00000, 0x0000000710c00000| Untracked 
|  96|0x0000000710e00000, 0x0000000710e00000, 0x0000000711000000|  0%| F|  |TAMS 0x0000000710e00000, 0x0000000710e00000| Untracked 
|  97|0x0000000711000000, 0x0000000711000000, 0x0000000711200000|  0%| F|  |TAMS 0x0000000711000000, 0x0000000711000000| Untracked 
|  98|0x0000000711200000, 0x0000000711200000, 0x0000000711400000|  0%| F|  |TAMS 0x0000000711200000, 0x0000000711200000| Untracked 
|  99|0x0000000711400000, 0x0000000711400000, 0x0000000711600000|  0%| F|  |TAMS 0x0000000711400000, 0x0000000711400000| Untracked 
| 100|0x0000000711600000, 0x0000000711600000, 0x0000000711800000|  0%| F|  |TAMS 0x0000000711600000, 0x0000000711600000| Untracked 
| 101|0x0000000711800000, 0x0000000711800000, 0x0000000711a00000|  0%| F|  |TAMS 0x0000000711800000, 0x0000000711800000| Untracked 
| 102|0x0000000711a00000, 0x0000000711a00000, 0x0000000711c00000|  0%| F|  |TAMS 0x0000000711a00000, 0x0000000711a00000| Untracked 
| 103|0x0000000711c00000, 0x0000000711c00000, 0x0000000711e00000|  0%| F|  |TAMS 0x0000000711c00000, 0x0000000711c00000| Untracked 
| 104|0x0000000711e00000, 0x0000000711e00000, 0x0000000712000000|  0%| F|  |TAMS 0x0000000711e00000, 0x0000000711e00000| Untracked 
| 105|0x0000000712000000, 0x0000000712000000, 0x0000000712200000|  0%| F|  |TAMS 0x0000000712000000, 0x0000000712000000| Untracked 
| 106|0x0000000712200000, 0x0000000712200000, 0x0000000712400000|  0%| F|  |TAMS 0x0000000712200000, 0x0000000712200000| Untracked 
| 107|0x0000000712400000, 0x0000000712400000, 0x0000000712600000|  0%| F|  |TAMS 0x0000000712400000, 0x0000000712400000| Untracked 
| 108|0x0000000712600000, 0x0000000712600000, 0x0000000712800000|  0%| F|  |TAMS 0x0000000712600000, 0x0000000712600000| Untracked 
| 109|0x0000000712800000, 0x0000000712800000, 0x0000000712a00000|  0%| F|  |TAMS 0x0000000712800000, 0x0000000712800000| Untracked 
| 110|0x0000000712a00000, 0x0000000712a00000, 0x0000000712c00000|  0%| F|  |TAMS 0x0000000712a00000, 0x0000000712a00000| Untracked 
| 111|0x0000000712c00000, 0x0000000712c00000, 0x0000000712e00000|  0%| F|  |TAMS 0x0000000712c00000, 0x0000000712c00000| Untracked 
| 112|0x0000000712e00000, 0x0000000712e00000, 0x0000000713000000|  0%| F|  |TAMS 0x0000000712e00000, 0x0000000712e00000| Untracked 
| 113|0x0000000713000000, 0x0000000713000000, 0x0000000713200000|  0%| F|  |TAMS 0x0000000713000000, 0x0000000713000000| Untracked 
| 114|0x0000000713200000, 0x0000000713200000, 0x0000000713400000|  0%| F|  |TAMS 0x0000000713200000, 0x0000000713200000| Untracked 
| 115|0x0000000713400000, 0x0000000713400000, 0x0000000713600000|  0%| F|  |TAMS 0x0000000713400000, 0x0000000713400000| Untracked 
| 116|0x0000000713600000, 0x0000000713600000, 0x0000000713800000|  0%| F|  |TAMS 0x0000000713600000, 0x0000000713600000| Untracked 
| 117|0x0000000713800000, 0x0000000713800000, 0x0000000713a00000|  0%| F|  |TAMS 0x0000000713800000, 0x0000000713800000| Untracked 
| 118|0x0000000713a00000, 0x0000000713a00000, 0x0000000713c00000|  0%| F|  |TAMS 0x0000000713a00000, 0x0000000713a00000| Untracked 
| 119|0x0000000713c00000, 0x0000000713c00000, 0x0000000713e00000|  0%| F|  |TAMS 0x0000000713c00000, 0x0000000713c00000| Untracked 
| 120|0x0000000713e00000, 0x0000000713e00000, 0x0000000714000000|  0%| F|  |TAMS 0x0000000713e00000, 0x0000000713e00000| Untracked 
| 121|0x0000000714000000, 0x0000000714000000, 0x0000000714200000|  0%| F|  |TAMS 0x0000000714000000, 0x0000000714000000| Untracked 
| 122|0x0000000714200000, 0x0000000714200000, 0x0000000714400000|  0%| F|  |TAMS 0x0000000714200000, 0x0000000714200000| Untracked 
| 123|0x0000000714400000, 0x0000000714471250, 0x0000000714600000| 22%| E|  |TAMS 0x0000000714400000, 0x0000000714400000| Complete 
| 124|0x0000000714600000, 0x0000000714800000, 0x0000000714800000|100%| E|CS|TAMS 0x0000000714600000, 0x0000000714600000| Complete 
| 125|0x0000000714800000, 0x0000000714a00000, 0x0000000714a00000|100%| E|CS|TAMS 0x0000000714800000, 0x0000000714800000| Complete 

Card table byte_map: [0x000001f8ca6c0000,0x000001f8caea0000] _byte_map_base: 0x000001f8c6e99000

Marking Bits (Prev, Next): (CMBitMap*) 0x000001f8b246fe70, (CMBitMap*) 0x000001f8b246feb0
 Prev Bits: [0x000001f8cb680000, 0x000001f8cf548000)
 Next Bits: [0x000001f8cf550000, 0x000001f8d3418000)

Polling page: 0x000001f8b08c0000

Metaspace:

Usage:
  Non-class:      1.19 MB used.
      Class:    102.72 KB used.
       Both:      1.29 MB used.

Virtual space:
  Non-class space:        8.00 MB reserved,       1.25 MB ( 16%) committed,  1 nodes.
      Class space:        1.00 GB reserved,     192.00 KB ( <1%) committed,  1 nodes.
             Both:        1.01 GB reserved,       1.44 MB ( <1%) committed. 

Chunk freelists:
   Non-Class:  3.98 MB
       Class:  3.74 MB
        Both:  7.72 MB

MaxMetaspaceSize: unlimited
CompressedClassSpaceSize: 1.00 GB
Initial GC threshold: 21.00 MB
Current GC threshold: 21.00 MB
CDS: on
MetaspaceReclaimPolicy: balanced
 - commit_granule_bytes: 65536.
 - commit_granule_words: 8192.
 - virtual_space_node_default_size: 1048576.
 - enlarge_chunks_in_place: 1.
 - new_chunks_are_fully_committed: 0.
 - uncommit_free_chunks: 1.
 - use_allocation_guard: 0.
 - handle_deallocations: 1.


Internal statistics:

num_allocs_failed_limit: 0.
num_arena_births: 10.
num_arena_deaths: 0.
num_vsnodes_births: 2.
num_vsnodes_deaths: 0.
num_space_committed: 23.
num_space_uncommitted: 0.
num_chunks_returned_to_freelist: 0.
num_chunks_taken_from_freelist: 13.
num_chunk_merges: 0.
num_chunk_splits: 7.
num_chunks_enlarged: 4.
num_purges: 0.
num_inconsistent_stats: 0.

CodeHeap 'non-profiled nmethods': size=119168Kb used=73Kb max_used=73Kb free=119094Kb
 bounds [0x000001f8c1890000, 0x000001f8c1b00000, 0x000001f8c8cf0000]
CodeHeap 'profiled nmethods': size=119104Kb used=294Kb max_used=294Kb free=118809Kb
 bounds [0x000001f8ba440000, 0x000001f8ba6b0000, 0x000001f8c1890000]
CodeHeap 'non-nmethods': size=7488Kb used=2247Kb max_used=2261Kb free=5240Kb
 bounds [0x000001f8b9cf0000, 0x000001f8b9f60000, 0x000001f8ba440000]
 total_blobs=649 nmethods=245 adapters=315
 compilation: enabled
              stopped_count=0, restarted_count=0
 full_count=0

Compilation events (20 events):
Event: 0.083 Thread 0x000001f8d68648b0 nmethod 195 0x000001f8c189f210 code [0x000001f8c189f3a0, 0x000001f8c189f478]
Event: 0.084 Thread 0x000001f8d5e93c60 nmethod 194 0x000001f8ba475590 code [0x000001f8ba475780, 0x000001f8ba475b98]
Event: 0.085 Thread 0x000001f8d68648b0  196       3       java.lang.CharacterDataLatin1::getProperties (11 bytes)
Event: 0.085 Thread 0x000001f8d5e93c60  197       3       java.lang.CharacterDataLatin1::toLowerCase (39 bytes)
Event: 0.086 Thread 0x000001f8d68648b0 nmethod 196 0x000001f8ba475d90 code [0x000001f8ba475f20, 0x000001f8ba476058]
Event: 0.086 Thread 0x000001f8d68e34b0  198       3       java.lang.StringLatin1::lastIndexOf (40 bytes)
Event: 0.086 Thread 0x000001f8d5e93c60 nmethod 197 0x000001f8ba476110 code [0x000001f8ba4762c0, 0x000001f8ba476518]
Event: 0.086 Thread 0x000001f8d68ef1f0  199       4       java.util.zip.ZipUtils::SH (21 bytes)
Event: 0.086 Thread 0x000001f8d68e34b0 nmethod 198 0x000001f8ba476610 code [0x000001f8ba4767e0, 0x000001f8ba476bd8]
Event: 0.086 Thread 0x000001f8d68ef1f0 nmethod 199 0x000001f8c189f510 code [0x000001f8c189f680, 0x000001f8c189f738]
Event: 0.087 Thread 0x000001f8d68e34b0  200       3       java.util.Arrays::copyOf (19 bytes)
Event: 0.087 Thread 0x000001f8d68e34b0 nmethod 200 0x000001f8ba476d10 code [0x000001f8ba476ec0, 0x000001f8ba4771a8]
Event: 0.091 Thread 0x000001f8d68648b0  201       1       java.net.URL::getFile (5 bytes)
Event: 0.091 Thread 0x000001f8d68e34b0  202       1       java.net.URL::getProtocol (5 bytes)
Event: 0.091 Thread 0x000001f8d5e93c60  203       1       java.net.URL::getRef (5 bytes)
Event: 0.091 Thread 0x000001f8d68648b0 nmethod 201 0x000001f8c189f810 code [0x000001f8c189f9a0, 0x000001f8c189fa78]
Event: 0.091 Thread 0x000001f8d68e34b0 nmethod 202 0x000001f8c189fb10 code [0x000001f8c189fca0, 0x000001f8c189fd78]
Event: 0.091 Thread 0x000001f8d5e93c60 nmethod 203 0x000001f8c189fe10 code [0x000001f8c189ffa0, 0x000001f8c18a0078]
Event: 0.091 Thread 0x000001f8d5e93c60  204       3       java.lang.StringBuilder::<init> (7 bytes)
Event: 0.091 Thread 0x000001f8d5e93c60 nmethod 204 0x000001f8ba477310 code [0x000001f8ba4774a0, 0x000001f8ba4775e8]

GC Heap History (0 events):
No events

Deoptimization events (0 events):
No events

Classes unloaded (0 events):
No events

Classes redefined (0 events):
No events

Internal exceptions (0 events):
No events

VM Operations (4 events):
Event: 0.066 Executing VM operation: HandshakeAllThreads
Event: 0.066 Executing VM operation: HandshakeAllThreads done
Event: 0.091 Executing VM operation: HandshakeAllThreads
Event: 0.091 Executing VM operation: HandshakeAllThreads done

Events (20 events):
Event: 0.090 loading class java/net/Socket done
Event: 0.090 loading class jdk/internal/vm/VMSupport
Event: 0.091 loading class jdk/internal/vm/VMSupport done
Event: 0.091 loading class java/net/InetSocketAddress
Event: 0.091 loading class sun/nio/cs/ISO_8859_1$Encoder
Event: 0.091 loading class java/net/SocketAddress
Event: 0.091 loading class java/net/SocketAddress done
Event: 0.091 loading class java/net/InetSocketAddress done
Event: 0.091 loading class sun/nio/cs/ISO_8859_1$Encoder done
Event: 0.091 loading class sun/nio/cs/Surrogate$Parser
Event: 0.091 loading class com/intellij/rt/debugger/agent/DebuggerAgent
Event: 0.091 loading class sun/nio/cs/Surrogate$Parser done
Event: 0.091 loading class sun/nio/cs/Surrogate
Event: 0.091 loading class sun/nio/cs/Surrogate done
Event: 0.091 loading class com/intellij/rt/debugger/agent/DebuggerAgent done
Event: 0.091 loading class com/intellij/rt/debugger/agent/SharedFlowTransformer
Event: 0.091 loading class java/lang/instrument/ClassFileTransformer
Event: 0.091 loading class java/lang/instrument/ClassFileTransformer done
Event: 0.091 loading class com/intellij/rt/debugger/agent/SharedFlowTransformer done
Event: 0.092 loading class com/intellij/rt/debugger/agent/StateFlowTransformer


Dynamic libraries:
0x00007ff7ee030000 - 0x00007ff7ee040000 	D:\Develop_Tools\jdk\jdk17\bin\java.exe
0x00007ff90f820000 - 0x00007ff90fa83000 	C:\WINDOWS\SYSTEM32\ntdll.dll
0x00007ff90ed70000 - 0x00007ff90ee37000 	C:\WINDOWS\System32\KERNEL32.DLL
0x00007ff90ce40000 - 0x00007ff90d207000 	C:\WINDOWS\System32\KERNELBASE.dll
0x00007ff902dc0000 - 0x00007ff902e5c000 	C:\WINDOWS\SYSTEM32\apphelp.dll
0x00007ff90d390000 - 0x00007ff90d4dc000 	C:\WINDOWS\System32\ucrtbase.dll
0x00007ff8f4280000 - 0x00007ff8f429a000 	D:\Develop_Tools\jdk\jdk17\bin\VCRUNTIME140.dll
0x00007ff8f24d0000 - 0x00007ff8f24e8000 	D:\Develop_Tools\jdk\jdk17\bin\jli.dll
0x00007ff90dbc0000 - 0x00007ff90dc74000 	C:\WINDOWS\System32\ADVAPI32.dll
0x00007ff90e120000 - 0x00007ff90e1c9000 	C:\WINDOWS\System32\msvcrt.dll
0x00007ff90df20000 - 0x00007ff90dfc6000 	C:\WINDOWS\System32\sechost.dll
0x00007ff90dfd0000 - 0x00007ff90e0e6000 	C:\WINDOWS\System32\RPCRT4.dll
0x00007ff90f610000 - 0x00007ff90f7d9000 	C:\WINDOWS\System32\USER32.dll
0x00007ff8ed500000 - 0x00007ff8ed790000 	C:\WINDOWS\WinSxS\amd64_microsoft.windows.common-controls_6595b64144ccf1df_6.0.26100.3037_none_3e09262ce333c378\COMCTL32.dll
0x00007ff90d580000 - 0x00007ff90d5a7000 	C:\WINDOWS\System32\win32u.dll
0x00007ff90e0f0000 - 0x00007ff90e11a000 	C:\WINDOWS\System32\GDI32.dll
0x00007ff90cd10000 - 0x00007ff90ce3b000 	C:\WINDOWS\System32\gdi32full.dll
0x00007ff90d5b0000 - 0x00007ff90d653000 	C:\WINDOWS\System32\msvcp_win.dll
0x00007ff900d60000 - 0x00007ff900d6b000 	C:\WINDOWS\SYSTEM32\VERSION.dll
0x00007ff90d820000 - 0x00007ff90d84f000 	C:\WINDOWS\System32\IMM32.DLL
0x00007ff8e0640000 - 0x00007ff8e064c000 	D:\Develop_Tools\jdk\jdk17\bin\vcruntime140_1.dll
0x00007ff8a7ac0000 - 0x00007ff8a7b4d000 	D:\Develop_Tools\jdk\jdk17\bin\msvcp140.dll
0x00007ff842e20000 - 0x00007ff8439e2000 	D:\Develop_Tools\jdk\jdk17\bin\server\jvm.dll
0x00007ff90ef20000 - 0x00007ff90ef28000 	C:\WINDOWS\System32\PSAPI.DLL
0x00007ff8fc440000 - 0x00007ff8fc44a000 	C:\WINDOWS\SYSTEM32\WSOCK32.dll
0x00007ff90dc80000 - 0x00007ff90dcf4000 	C:\WINDOWS\System32\WS2_32.dll
0x00007ff8ff890000 - 0x00007ff8ff8c6000 	C:\WINDOWS\SYSTEM32\WINMM.dll
0x00007ff90bb00000 - 0x00007ff90bb1a000 	C:\WINDOWS\SYSTEM32\kernel.appcore.dll
0x00007ff8e0160000 - 0x00007ff8e016a000 	D:\Develop_Tools\jdk\jdk17\bin\jimage.dll
0x00007ff90aab0000 - 0x00007ff90acf1000 	C:\WINDOWS\SYSTEM32\DBGHELP.DLL
0x00007ff90f180000 - 0x00007ff90f4fe000 	C:\WINDOWS\System32\combase.dll
0x00007ff90ee40000 - 0x00007ff90ef16000 	C:\WINDOWS\System32\OLEAUT32.dll
0x00007ff8eced0000 - 0x00007ff8ecf09000 	C:\WINDOWS\SYSTEM32\dbgcore.DLL
0x00007ff90d4e0000 - 0x00007ff90d579000 	C:\WINDOWS\System32\bcryptPrimitives.dll
0x00007ff8fc540000 - 0x00007ff8fc54e000 	D:\Develop_Tools\jdk\jdk17\bin\instrument.dll
0x00007ff8be700000 - 0x00007ff8be725000 	D:\Develop_Tools\jdk\jdk17\bin\java.dll
0x00007ff8ba4c0000 - 0x00007ff8ba4d8000 	D:\Develop_Tools\jdk\jdk17\bin\zip.dll
0x00007ff861840000 - 0x00007ff861916000 	D:\Develop_Tools\jdk\jdk17\bin\jsvml.dll
0x00007ff90e660000 - 0x00007ff90ed64000 	C:\WINDOWS\System32\SHELL32.dll
0x00007ff909800000 - 0x00007ff90a037000 	C:\WINDOWS\SYSTEM32\windows.storage.dll
0x00007ff90d9c0000 - 0x00007ff90daa9000 	C:\WINDOWS\System32\SHCORE.dll
0x00007ff90db60000 - 0x00007ff90dbbd000 	C:\WINDOWS\System32\shlwapi.dll
0x00007ff90cad0000 - 0x00007ff90cafe000 	C:\WINDOWS\SYSTEM32\profapi.dll
0x00007ff8be6e0000 - 0x00007ff8be6f9000 	D:\Develop_Tools\jdk\jdk17\bin\net.dll
0x00007ff9046a0000 - 0x00007ff9047be000 	C:\WINDOWS\SYSTEM32\WINHTTP.dll
0x00007ff90c010000 - 0x00007ff90c07a000 	C:\WINDOWS\system32\mswsock.dll
0x00007ff8be5b0000 - 0x00007ff8be5c6000 	D:\Develop_Tools\jdk\jdk17\bin\nio.dll
0x00007ff8f5640000 - 0x00007ff8f565a000 	D:\Develop_Software\ideaNew\bin\breakgen64.dll

dbghelp: loaded successfully - version: 4.0.5 - missing functions: none
symbol engine: initialized successfully - sym options: 0x614 - pdb path: .;D:\Develop_Tools\jdk\jdk17\bin;C:\WINDOWS\SYSTEM32;C:\WINDOWS\WinSxS\amd64_microsoft.windows.common-controls_6595b64144ccf1df_6.0.26100.3037_none_3e09262ce333c378;D:\Develop_Tools\jdk\jdk17\bin\server;D:\Develop_Software\ideaNew\bin

VM Arguments:
jvm_args: -ea -Didea.test.cyclic.buffer.size=1048576 -javaagent:D:\Develop_Software\ideaNew\lib\idea_rt.jar=59502:D:\Develop_Software\ideaNew\bin -javaagent:D:\Develop_Software\ideaNew\plugins\java\lib\rt\debugger-agent.jar -Dkotlinx.coroutines.debug.enable.creation.stack.trace=false -Ddebugger.agent.enable.coroutines=true -Dkotlinx.coroutines.debug.enable.flows.stack.trace=true -Dkotlinx.coroutines.debug.enable.mutable.state.flows.stack.trace=true -Dfile.encoding=UTF-8 
java_command: com.intellij.rt.junit.JUnitStarter -ideVersion5 -junit5 com.fdm.PmsBackEndApplicationTests,testFindByUsername
java_class_path (initial): C:\Users\April Chou\.m2\repository\org\junit\platform\junit-platform-launcher\1.11.4\junit-platform-launcher-1.11.4.jar;D:\Develop_Software\ideaNew\lib\idea_rt.jar;D:\Develop_Software\ideaNew\plugins\junit\lib\junit5-rt.jar;D:\Develop_Software\ideaNew\plugins\junit\lib\junit-rt.jar;D:\Codes\pmsBackEnd\target\test-classes;D:\Codes\pmsBackEnd\target\classes;C:\Users\April Chou\.m2\repository\org\springframework\boot\spring-boot-starter-web\3.4.2\spring-boot-starter-web-3.4.2.jar;C:\Users\April Chou\.m2\repository\org\springframework\boot\spring-boot-starter\3.4.2\spring-boot-starter-3.4.2.jar;C:\Users\April Chou\.m2\repository\org\springframework\boot\spring-boot\3.4.2\spring-boot-3.4.2.jar;C:\Users\April Chou\.m2\repository\org\springframework\boot\spring-boot-autoconfigure\3.4.2\spring-boot-autoconfigure-3.4.2.jar;C:\Users\April Chou\.m2\repository\org\springframework\boot\spring-boot-starter-logging\3.4.2\spring-boot-starter-logging-3.4.2.jar;C:\Users\April Chou\.m2\repository\ch\qos\logback\logback-classic\1.5.16\logback-classic-1.5.16.jar;C:\Users\April Chou\.m2\repository\ch\qos\logback\logback-core\1.5.16\logback-core-1.5.16.jar;C:\Users\April Chou\.m2\repository\org\apache\logging\log4j\log4j-to-slf4j\2.24.3\log4j-to-slf4j-2.24.3.jar;C:\Users\April Chou\.m2\repository\org\apache\logging\log4j\log4j-api\2.24.3\log4j-api-2.24.3.jar;C:\Users\April Chou\.m2\repository\org\slf4j\jul-to-slf4j\2.0.16\jul-to-slf4j-2.0.16.jar;C:\Users\April Chou\.m2\repository\jakarta\annotation\jakarta.annotation-api\2.1.1\jakarta.annotation-api-2.1.1.jar;C:\Users\April Chou\.m2\repository\org\yaml\snakeyaml\2.3\snakeyaml-2.3.jar;C:\Users\April Chou\.m2\repository\org\springframework\boot\spring-boot-starter-json\3.4.2\spring-boot-starter-json-3.4.2.jar;C:\Users\April Chou\.m2\repository\com\fasterxml\jackson\core\jackson-databind\2.18.2\jackson-databind-2.18.2.jar;C:\Users\April Chou\.m2\repository\com\fasterxml\jackson\core\jackson-annotations\2.18.2\jac
Launcher Type: SUN_STANDARD

[Global flags]
     intx CICompilerCount                          = 12                                        {product} {ergonomic}
     uint ConcGCThreads                            = 4                                         {product} {ergonomic}
     uint G1ConcRefinementThreads                  = 15                                        {product} {ergonomic}
   size_t G1HeapRegionSize                         = 2097152                                   {product} {ergonomic}
    uintx GCDrainStackTargetSize                   = 64                                        {product} {ergonomic}
   size_t InitialHeapSize                          = 264241152                                 {product} {ergonomic}
   size_t MarkStackSize                            = 4194304                                   {product} {ergonomic}
   size_t MaxHeapSize                              = 4213178368                                {product} {ergonomic}
   size_t MaxNewSize                               = 2527068160                                {product} {ergonomic}
   size_t MinHeapDeltaBytes                        = 2097152                                   {product} {ergonomic}
   size_t MinHeapSize                              = 8388608                                   {product} {ergonomic}
    uintx NonNMethodCodeHeapSize                   = 7602480                                {pd product} {ergonomic}
    uintx NonProfiledCodeHeapSize                  = 122027880                              {pd product} {ergonomic}
    uintx ProfiledCodeHeapSize                     = 122027880                              {pd product} {ergonomic}
    uintx ReservedCodeCacheSize                    = 251658240                              {pd product} {ergonomic}
     bool SegmentedCodeCache                       = true                                      {product} {ergonomic}
   size_t SoftMaxHeapSize                          = 4213178368                             {manageable} {ergonomic}
     bool UseCompressedClassPointers               = true                           {product lp64_product} {ergonomic}
     bool UseCompressedOops                        = true                           {product lp64_product} {ergonomic}
     bool UseG1GC                                  = true                                      {product} {ergonomic}
     bool UseLargePagesIndividualAllocation        = false                                  {pd product} {ergonomic}

Logging:
Log output configuration:
 #0: stdout all=warning uptime,level,tags
 #1: stderr all=off uptime,level,tags

Environment Variables:
JAVA_HOME=D:\Develop_Tools\jdk\jdk17
PATH=C:\Program Files\Common Files\Oracle\Java\javapath;C:\Windows\system32;C:\Windows;C:\Windows\System32\Wbem;C:\Windows\System32\WindowsPowerShell\v1.0\;C:\Windows\System32\OpenSSH\;C:\Program Files\dotnet\;C:\Program Files (x86)\NVIDIA Corporation\PhysX\Common;C:\Program Files\NVIDIA Corporation\NVIDIA NvDLISR;D:\Develop_Tools\jdk\jdk17\bin;D:\Develop_Tools\Maven\apache-maven-3.8.6-bin\apache-maven-3.8.6\bin;D:\BandiZip\;C:\WINDOWS\system32;C:\WINDOWS;C:\WINDOWS\System32\Wbem;C:\WINDOWS\System32\WindowsPowerShell\v1.0\;C:\WINDOWS\System32\OpenSSH\;D:\Develop_Tools\NodeJs\;D:\Develop_Tools\NodeJs\node_global\node_modules;C:\Windows\SysWOW64¡±;D:\Develop_Tools\Git\Git\cmd;%ERLANG_HOME%\bin;D:\Develop_Tools\Python\python3.11.1\Scripts\;D:\Develop_Tools\Python\python3.11.1\;D:\Develop_Software\MySQL\MySQL_Software\bin\;C:\Users\April Chou\AppData\Local\Microsoft\WindowsApps;D:\Develop_Tools\NodeJs\node_global;
USERNAME=April Chou
OS=Windows_NT
PROCESSOR_IDENTIFIER=Intel64 Family 6 Model 154 Stepping 3, GenuineIntel



---------------  S Y S T E M  ---------------

OS:
 Windows 11 , 64 bit Build 26100 (10.0.26100.3037)
OS uptime: 4 days 11:57 hours

CPU: total 20 (initial active 20) (10 cores per cpu, 2 threads per core) family 6 model 154 stepping 3 microcode 0x435, cx8, cmov, fxsr, ht, mmx, 3dnowpref, sse, sse2, sse3, ssse3, sse4.1, sse4.2, popcnt, lzcnt, tsc, tscinvbit, avx, avx2, aes, erms, clmul, bmi1, bmi2, adx, sha, fma, vzeroupper, clflush, clflushopt, clwb

Memory: 4k page, system-wide physical 16068M (1157M free)
TotalPageFile size 31465M (AvailPageFile size 1427M)
current process WorkingSet (physical memory assigned to process): 42M, peak: 42M
current process commit charge ("private bytes"): 357M, peak: 357M

vm_info: Java HotSpot(TM) 64-Bit Server VM (17.0.4.1+1-LTS-2) for windows-amd64 JRE (17.0.4.1+1-LTS-2), built on Aug 16 2022 18:32:06 by "mach5one" with MS VC++ 16.8 / 16.9 (VS2019)

END.
