#
# There is insufficient memory for the Java Runtime Environment to continue.
# Native memory allocation (mmap) failed to map 264241152 bytes for G1 virtual space
# Possible reasons:
#   The system is out of physical RAM or swap space
#   The process is running with CompressedOops enabled, and the Java Heap may be blocking the growth of the native heap
# Possible solutions:
#   Reduce memory load on the system
#   Increase physical memory or swap space
#   Check if swap backing store is full
#   Decrease Java heap size (-Xmx/-Xms)
#   Decrease number of Java threads
#   Decrease Java thread stack sizes (-Xss)
#   Set larger code cache with -XX:ReservedCodeCacheSize=
#   JVM is running with Zero Based Compressed Oops mode in which the Java heap is
#     placed in the first 32GB address space. The Java Heap base address is the
#     maximum limit for the native heap growth. Please use -XX:HeapBaseMinAddress
#     to set the Java Heap base and to place the Java Heap above 32GB virtual address.
# This output file may be truncated or incomplete.
#
#  Out of Memory Error (os_windows.cpp:3535), pid=38812, tid=22324
#
# JRE version:  (17.0.4.1+1) (build )
# Java VM: Java HotSpot(TM) 64-Bit Server VM (17.0.4.1+1-LTS-2, mixed mode, sharing, tiered, compressed oops, compressed class ptrs, g1 gc, windows-amd64)
# No core dump will be written. Minidumps are not enabled by default on client versions of Windows
#

---------------  S U M M A R Y ------------

Command Line: -Dnet.bytebuddy.agent.attacher.dump= net.bytebuddy.agent.Attacher com.sun.tools.attach.VirtualMachine 36984 C:\Users\April Chou\.m2\repository\net\bytebuddy\byte-buddy-agent\1.15.11\byte-buddy-agent-1.15.11.jar false 

Host: 12th Gen Intel(R) Core(TM) i7-12700H, 20 cores, 15G,  Windows 11 , 64 bit Build 26100 (10.0.26100.3037)
Time: Thu Feb 20 00:47:38 2025  Windows 11 , 64 bit Build 26100 (10.0.26100.3037) elapsed time: 0.006830 seconds (0d 0h 0m 0s)

---------------  T H R E A D  ---------------

Current thread (0x000002aba0c504a0):  JavaThread "Unknown thread" [_thread_in_vm, id=22324, stack(0x000000c85d100000,0x000000c85d200000)]

Stack: [0x000000c85d100000,0x000000c85d200000]
Native frames: (J=compiled Java code, j=interpreted, Vv=VM code, C=native code)
V  [jvm.dll+0x6723ba]
V  [jvm.dll+0x7d1e34]
V  [jvm.dll+0x7d35de]
V  [jvm.dll+0x7d3c43]
V  [jvm.dll+0x243065]
V  [jvm.dll+0x66f2d9]
V  [jvm.dll+0x663c22]
V  [jvm.dll+0x3011cb]
V  [jvm.dll+0x308766]
V  [jvm.dll+0x35846e]
V  [jvm.dll+0x35869f]
V  [jvm.dll+0x2d83e8]
V  [jvm.dll+0x2d9354]
V  [jvm.dll+0x7a3911]
V  [jvm.dll+0x3662c1]
V  [jvm.dll+0x782d7c]
V  [jvm.dll+0x3e8c1f]
V  [jvm.dll+0x3ea6c1]
C  [jli.dll+0x527b]
C  [ucrtbase.dll+0x37b0]
C  [KERNEL32.DLL+0x2e8d7]
C  [ntdll.dll+0xbbf2c]


---------------  P R O C E S S  ---------------

Threads class SMR info:
_java_thread_list=0x00007ff8438ba858, length=0, elements={
}

Java Threads: ( => current thread )

Other Threads:
  0x000002aba0cbd8f0 GCTaskThread "GC Thread#0" [stack: 0x000000c85d200000,0x000000c85d300000] [id=34384]
  0x000002aba0cd0020 ConcurrentGCThread "G1 Main Marker" [stack: 0x000000c85d300000,0x000000c85d400000] [id=11564]
  0x000002aba0cd11d0 ConcurrentGCThread "G1 Conc#0" [stack: 0x000000c85d400000,0x000000c85d500000] [id=16280]

[error occurred during error reporting (printing all threads), id 0xc0000005, EXCEPTION_ACCESS_VIOLATION (0xc0000005) at pc=0x00007ff843108dd7]

VM state: not at safepoint (not fully initialized)

VM Mutex/Monitor currently owned by a thread:  ([mutex/lock_event])
[0x000002aba0c4ac10] Heap_lock - owner thread: 0x000002aba0c504a0

Heap address: 0x0000000704e00000, size: 4018 MB, Compressed Oops mode: Zero based, Oop shift amount: 3

CDS archive(s) mapped at: [0x0000000000000000-0x0000000000000000-0x0000000000000000), size 0, SharedBaseAddress: 0x0000000800000000, ArchiveRelocationMode: 0.
Narrow klass base: 0x0000000000000000, Narrow klass shift: 0, Narrow klass range: 0x0

GC Precious Log:
<Empty>

Heap:
 garbage-first heap   total 0K, used 0K [0x0000000704e00000, 0x0000000800000000)
  region size 2048K, 0 young (0K), 0 survivors (0K)

[error occurred during error reporting (printing heap information), id 0xc0000005, EXCEPTION_ACCESS_VIOLATION (0xc0000005) at pc=0x00007ff8434eb869]

GC Heap History (0 events):
No events

Deoptimization events (0 events):
No events

Classes unloaded (0 events):
No events

Classes redefined (0 events):
No events

Internal exceptions (0 events):
No events

VM Operations (0 events):
No events

Events (1 events):
Event: 0.005 Loaded shared library D:\Develop_Tools\jdk\jdk17\bin\java.dll


Dynamic libraries:
0x00007ff7ee030000 - 0x00007ff7ee040000 	D:\Develop_Tools\jdk\jdk17\bin\java.exe
0x00007ff90f820000 - 0x00007ff90fa83000 	C:\WINDOWS\SYSTEM32\ntdll.dll
0x00007ff90ed70000 - 0x00007ff90ee37000 	C:\WINDOWS\System32\KERNEL32.DLL
0x00007ff90ce40000 - 0x00007ff90d207000 	C:\WINDOWS\System32\KERNELBASE.dll
0x00007ff902dc0000 - 0x00007ff902e5c000 	C:\WINDOWS\SYSTEM32\apphelp.dll
0x00007ff90d390000 - 0x00007ff90d4dc000 	C:\WINDOWS\System32\ucrtbase.dll
0x00007ff8f24d0000 - 0x00007ff8f24e8000 	D:\Develop_Tools\jdk\jdk17\bin\jli.dll
0x00007ff8f4280000 - 0x00007ff8f429a000 	D:\Develop_Tools\jdk\jdk17\bin\VCRUNTIME140.dll
0x00007ff90dbc0000 - 0x00007ff90dc74000 	C:\WINDOWS\System32\ADVAPI32.dll
0x00007ff90e120000 - 0x00007ff90e1c9000 	C:\WINDOWS\System32\msvcrt.dll
0x00007ff90df20000 - 0x00007ff90dfc6000 	C:\WINDOWS\System32\sechost.dll
0x00007ff90dfd0000 - 0x00007ff90e0e6000 	C:\WINDOWS\System32\RPCRT4.dll
0x00007ff90f610000 - 0x00007ff90f7d9000 	C:\WINDOWS\System32\USER32.dll
0x00007ff90d580000 - 0x00007ff90d5a7000 	C:\WINDOWS\System32\win32u.dll
0x00007ff8ed500000 - 0x00007ff8ed790000 	C:\WINDOWS\WinSxS\amd64_microsoft.windows.common-controls_6595b64144ccf1df_6.0.26100.3037_none_3e09262ce333c378\COMCTL32.dll
0x00007ff90e0f0000 - 0x00007ff90e11a000 	C:\WINDOWS\System32\GDI32.dll
0x00007ff90cd10000 - 0x00007ff90ce3b000 	C:\WINDOWS\System32\gdi32full.dll
0x00007ff90d5b0000 - 0x00007ff90d653000 	C:\WINDOWS\System32\msvcp_win.dll
0x00007ff900d60000 - 0x00007ff900d6b000 	C:\WINDOWS\SYSTEM32\VERSION.dll
0x00007ff90d820000 - 0x00007ff90d84f000 	C:\WINDOWS\System32\IMM32.DLL
0x00007ff8e0640000 - 0x00007ff8e064c000 	D:\Develop_Tools\jdk\jdk17\bin\vcruntime140_1.dll
0x00007ff8a7ac0000 - 0x00007ff8a7b4d000 	D:\Develop_Tools\jdk\jdk17\bin\msvcp140.dll
0x00007ff842e20000 - 0x00007ff8439e2000 	D:\Develop_Tools\jdk\jdk17\bin\server\jvm.dll
0x00007ff90ef20000 - 0x00007ff90ef28000 	C:\WINDOWS\System32\PSAPI.DLL
0x00007ff8ff890000 - 0x00007ff8ff8c6000 	C:\WINDOWS\SYSTEM32\WINMM.dll
0x00007ff8fc440000 - 0x00007ff8fc44a000 	C:\WINDOWS\SYSTEM32\WSOCK32.dll
0x00007ff90dc80000 - 0x00007ff90dcf4000 	C:\WINDOWS\System32\WS2_32.dll
0x00007ff90bb00000 - 0x00007ff90bb1a000 	C:\WINDOWS\SYSTEM32\kernel.appcore.dll
0x00007ff8e0160000 - 0x00007ff8e016a000 	D:\Develop_Tools\jdk\jdk17\bin\jimage.dll
0x00007ff90aab0000 - 0x00007ff90acf1000 	C:\WINDOWS\SYSTEM32\DBGHELP.DLL
0x00007ff90f180000 - 0x00007ff90f4fe000 	C:\WINDOWS\System32\combase.dll
0x00007ff90ee40000 - 0x00007ff90ef16000 	C:\WINDOWS\System32\OLEAUT32.dll
0x00007ff8eced0000 - 0x00007ff8ecf09000 	C:\WINDOWS\SYSTEM32\dbgcore.DLL
0x00007ff90d4e0000 - 0x00007ff90d579000 	C:\WINDOWS\System32\bcryptPrimitives.dll
0x00007ff8be700000 - 0x00007ff8be725000 	D:\Develop_Tools\jdk\jdk17\bin\java.dll

dbghelp: loaded successfully - version: 4.0.5 - missing functions: none
symbol engine: initialized successfully - sym options: 0x614 - pdb path: .;D:\Develop_Tools\jdk\jdk17\bin;C:\WINDOWS\SYSTEM32;C:\WINDOWS\WinSxS\amd64_microsoft.windows.common-controls_6595b64144ccf1df_6.0.26100.3037_none_3e09262ce333c378;D:\Develop_Tools\jdk\jdk17\bin\server

VM Arguments:
jvm_args: -Dnet.bytebuddy.agent.attacher.dump= 
java_command: net.bytebuddy.agent.Attacher com.sun.tools.attach.VirtualMachine 36984 C:\Users\April Chou\.m2\repository\net\bytebuddy\byte-buddy-agent\1.15.11\byte-buddy-agent-1.15.11.jar false 
java_class_path (initial): C:\Users\April Chou\.m2\repository\net\bytebuddy\byte-buddy-agent\1.15.11\byte-buddy-agent-1.15.11.jar
Launcher Type: SUN_STANDARD

[Global flags]
     intx CICompilerCount                          = 12                                        {product} {ergonomic}
     uint ConcGCThreads                            = 4                                         {product} {ergonomic}
     uint G1ConcRefinementThreads                  = 15                                        {product} {ergonomic}
   size_t G1HeapRegionSize                         = 2097152                                   {product} {ergonomic}
    uintx GCDrainStackTargetSize                   = 64                                        {product} {ergonomic}
   size_t InitialHeapSize                          = 264241152                                 {product} {ergonomic}
   size_t MarkStackSize                            = 4194304                                   {product} {ergonomic}
   size_t MaxHeapSize                              = 4213178368                                {product} {ergonomic}
   size_t MinHeapDeltaBytes                        = 2097152                                   {product} {ergonomic}
   size_t MinHeapSize                              = 8388608                                   {product} {ergonomic}
    uintx NonNMethodCodeHeapSize                   = 7602480                                {pd product} {ergonomic}
    uintx NonProfiledCodeHeapSize                  = 122027880                              {pd product} {ergonomic}
    uintx ProfiledCodeHeapSize                     = 122027880                              {pd product} {ergonomic}
    uintx ReservedCodeCacheSize                    = 251658240                              {pd product} {ergonomic}
     bool SegmentedCodeCache                       = true                                      {product} {ergonomic}
   size_t SoftMaxHeapSize                          = 4213178368                             {manageable} {ergonomic}
     bool UseCompressedClassPointers               = true                           {product lp64_product} {ergonomic}
     bool UseCompressedOops                        = true                           {product lp64_product} {ergonomic}
     bool UseG1GC                                  = true                                      {product} {ergonomic}
     bool UseLargePagesIndividualAllocation        = false                                  {pd product} {ergonomic}

Logging:
Log output configuration:
 #0: stdout all=warning uptime,level,tags
 #1: stderr all=off uptime,level,tags

Environment Variables:
JAVA_HOME=D:\Develop_Tools\jdk\jdk17
PATH=C:\Program Files\Common Files\Oracle\Java\javapath;C:\Windows\system32;C:\Windows;C:\Windows\System32\Wbem;C:\Windows\System32\WindowsPowerShell\v1.0\;C:\Windows\System32\OpenSSH\;C:\Program Files\dotnet\;C:\Program Files (x86)\NVIDIA Corporation\PhysX\Common;C:\Program Files\NVIDIA Corporation\NVIDIA NvDLISR;D:\Develop_Tools\jdk\jdk17\bin;D:\Develop_Tools\Maven\apache-maven-3.8.6-bin\apache-maven-3.8.6\bin;D:\BandiZip\;C:\WINDOWS\system32;C:\WINDOWS;C:\WINDOWS\System32\Wbem;C:\WINDOWS\System32\WindowsPowerShell\v1.0\;C:\WINDOWS\System32\OpenSSH\;D:\Develop_Tools\NodeJs\;D:\Develop_Tools\NodeJs\node_global\node_modules;C:\Windows\SysWOW64¡±;D:\Develop_Tools\Git\Git\cmd;%ERLANG_HOME%\bin;D:\Develop_Tools\Python\python3.11.1\Scripts\;D:\Develop_Tools\Python\python3.11.1\;D:\Develop_Software\MySQL\MySQL_Software\bin\;C:\Users\April Chou\AppData\Local\Microsoft\WindowsApps;D:\Develop_Tools\NodeJs\node_global;
USERNAME=April Chou
OS=Windows_NT
PROCESSOR_IDENTIFIER=Intel64 Family 6 Model 154 Stepping 3, GenuineIntel



---------------  S Y S T E M  ---------------

OS:
 Windows 11 , 64 bit Build 26100 (10.0.26100.3037)
OS uptime: 4 days 13:29 hours

CPU: total 20 (initial active 20) (10 cores per cpu, 2 threads per core) family 6 model 154 stepping 3 microcode 0x435, cx8, cmov, fxsr, ht, mmx, 3dnowpref, sse, sse2, sse3, ssse3, sse4.1, sse4.2, popcnt, lzcnt, tsc, tscinvbit, avx, avx2, aes, erms, clmul, bmi1, bmi2, adx, sha, fma, vzeroupper, clflush, clflushopt, clwb

Memory: 4k page, system-wide physical 16068M (1057M free)
TotalPageFile size 32301M (AvailPageFile size 73M)
current process WorkingSet (physical memory assigned to process): 14M, peak: 14M
current process commit charge ("private bytes"): 75M, peak: 327M

vm_info: Java HotSpot(TM) 64-Bit Server VM (17.0.4.1+1-LTS-2) for windows-amd64 JRE (17.0.4.1+1-LTS-2), built on Aug 16 2022 18:32:06 by "mach5one" with MS VC++ 16.8 / 16.9 (VS2019)

END.
